Script started on 2020-04-09 10:56:37-0700
rhodesm8@cf405-19:~$ ls
csci141  Desktop    Downloads  Pictures  stale_outputs_checked	typescript
csci145  Documents  Music      Public	 Templates		Videos
rhodesm8@cf405-19:~$ mkdir csci241
rhodesm8@cf405-19:~$ cd csci241
rhodesm8@cf405-19:~/csci241$ mkdir labs
rhodesm8@cf405-19:~/csci241$ cd labs
rhodesm8@cf405-19:~/csci241/labs$ mkdir lab1
rhodesm8@cf405-19:~/csci241/labs$ cd lab1
rhodesm8@cf405-19:~/csci241/labs/lab1$ git clone https://github.com/csci241-20s/llab-1-mason-rhodes.git
Cloning into 'lab-1-mason-rhodes'...
remote: Enumerating objects: 14, done.[K
remote: Counting objects:   7% (1/14)[Kremote: Counting objects:  14% (2/14)[Kremote: Counting objects:  21% (3/14)[Kremote: Counting objects:  28% (4/14)[Kremote: Counting objects:  35% (5/14)[Kremote: Counting objects:  42% (6/14)[Kremote: Counting objects:  50% (7/14)[Kremote: Counting objects:  57% (8/14)[Kremote: Counting objects:  64% (9/14)[Kremote: Counting objects:  71% (10/14)[Kremote: Counting objects:  78% (11/14)[Kremote: Counting objects:  85% (12/14)[Kremote: Counting objects:  92% (13/14)[Kremote: Counting objects: 100% (14/14)[Kremote: Counting objects: 100% (14/14), done.[K
remote: Compressing objects:  12% (1/8)[Kremote: Compressing objects:  25% (2/8)[Kremote: Compressing objects:  37% (3/8)[Kremote: Compressing objects:  50% (4/8)[Kremote: Compressing objects:  62% (5/8)[Kremote: Compressing objects:  75% (6/8)[Kremote: Compressing objects:  87% (7/8)[Kremote: Compressing objects: 100% (8/8)[Kremote: Compressing objects: 100% (8/8), done.[K
remote: Total 14 (delta 2), reused 0 (delta 0), pack-reused 0[K
Unpacking objects:   7% (1/14)   Unpacking objects:  14% (2/14)   Unpacking objects:  21% (3/14)   Unpacking objects:  28% (4/14)   Unpacking objects:  35% (5/14)   Unpacking objects:  42% (6/14)   Unpacking objects:  50% (7/14)   Unpacking objects:  57% (8/14)   Unpacking objects:  64% (9/14)   Unpacking objects:  71% (10/14)   Unpacking objects:  78% (11/14)   Unpacking objects:  85% (12/14)   Unpacking objects:  92% (13/14)   Unpacking objects: 100% (14/14)   Unpacking objects: 100% (14/14), done.
rhodesm8@cf405-19:~/csci241/labs/lab1$ ls
lab-1-mason-rhodes
rhodesm8@cf405-19:~/csci241/labs/lab1$ youch writeip[K[Kup[K[K[K[K[K[K[K[K[K[K[K[K[Ktouch writeup.txt
rhodesm8@cf405-19:~/csci241/labs/lab1$ git add writeup.txt
fatal: not a git repository (or any parent up to mount point /)
Stopping at filesystem boundary (GIT_DISCOVERY_ACROSS_FILESYSTEM not set).
rhodesm8@cf405-19:~/csci241/labs/lab1$ ls
lab-1-mason-rhodes  writeup.txt
rhodesm8@cf405-19:~/csci241/labs/lab1$ git commit -m "Added empty writeup"
fatal: not a git repository (or any parent up to mount point /)
Stopping at filesystem boundary (GIT_DISCOVERY_ACROSS_FILESYSTEM not set).
rhodesm8@cf405-19:~/csci241/labs/lab1$ git push origin master
fatal: not a git repository (or any parent up to mount point /)
Stopping at filesystem boundary (GIT_DISCOVERY_ACROSS_FILESYSTEM not set).
rhodesm8@cf405-19:~/csci241/labs/lab1$ ls
lab-1-mason-rhodes  writeup.txt
rhodesm8@cf405-19:~/csci241/labs/lab1$ cd lab-1-mason-rhodes/
rhodesm8@cf405-19:~/csci241/labs/lab1/lab-1-mason-rhodes$ ls
build.gradle  settings.gradle  src
rhodesm8@cf405-19:~/csci241/labs/lab1/lab-1-mason-rhodes$ touch writeup.txt
rhodesm8@cf405-19:~/csci241/labs/lab1/lab-1-mason-rhodes$ git add writeup.tc[Kxt
rhodesm8@cf405-19:~/csci241/labs/lab1/lab-1-mason-rhodes$ git commit -m "Added e mpty writeup"
[master 933195d] Added empty writeup
 Committer: Mason Rhodes <rhodesm8@cf405-19.cs.wwu.edu>
Your name and email address were configured automatically based
on your username and hostname. Please check that they are accurate.
You can suppress this message by setting them explicitly. Run the
following command and follow the instructions in your editor to edit
your configuration file:

    git config --global --edit

After doing this, you may fix the identity used for this commit with:

    git commit --amend --reset-author

 1 file changed, 0 insertions(+), 0 deletions(-)
 create mode 100644 writeup.txt
rhodesm8@cf405-19:~/csci241/labs/lab1/lab-1-mason-rhodes$ git push origin master [A[C[C[C[C[C[C[C[C[C[C[C[C[C[C[C[C[C[C[C[C[C[C[C[C[C[C[C[C[C[C[C[C[C[C[C[C[C[C[C[C[C[C[C[C[C[C[C[C[C[C[C[C[C[C[C[C[C[C[C[C[C[C[C[C[C[C[C[C[C[C[C[C[C[C[C[C[C[C[C[Kr
Username for 'https://github.com': mason-rhodes
Password for 'https://mason-rhodes@github.com': 
remote: Invalid username or password.
fatal: Authentication failed for 'https://github.com/csci241-20s/lab-1-mason-rhodes.git/'
rhodesm8@cf405-19:~/csci241/labs/lab1/lab-1-mason-rhodes$ git push origin master [A[C[C[C[C[C[C[C[C[C[C[C[C[C[C[C[C[C[C[C[C[C[C[C[C[C[C[C[C[C[C[C[C[C[C[C[C[C[C[C[C[C[C[C[C[C[C[C[C[C[C[C[C[C[C[C[C[C[C[C[C[C[C[C[C[C[C[C[C[C[C[C[C[C[C[C[C[C[C[C[Kr
Username for 'https://github.com': rhodesm8@wwu.edu
Password for 'https://rhodesm8@wwu.edu@github.com': 
remote: Invalid username or password.
fatal: Authentication failed for 'https://github.com/csci241-20s/lab-1-mason-rhodes.git/'
rhodesm8@cf405-19:~/csci241/labs/lab1/lab-1-mason-rhodes$ git push origin master [A[C[C[C[C[C[C[C[C[C[C[C[C[C[C[C[C[C[C[C[C[C[C[C[C[C[C[C[C[C[C[C[C[C[C[C[C[C[C[C[C[C[C[C[C[C[C[C[C[C[C[C[C[C[C[C[C[C[C[C[C[C[C[C[C[C[C[C[C[C[C[C[C[C[C[C[C[C[C[C[Kr
Username for 'https://github.com': rhodesm8@wwu.edu
Password for 'https://rhodesm8@wwu.edu@github.com': 
Counting objects: 2, done.
Delta compression using up to 8 threads.
Compressing objects:  50% (1/2)   Compressing objects: 100% (2/2)   Compressing objects: 100% (2/2), done.
Writing objects:  50% (1/2)   Writing objects: 100% (2/2)   Writing objects: 100% (2/2), 282 bytes | 282.00 KiB/s, done.
Total 2 (delta 1), reused 0 (delta 0)
remote: Resolving deltas:   0% (0/1)[Kremote: Resolving deltas: 100% (1/1)[Kremote: Resolving deltas: 100% (1/1), completed with 1 local object.[K
To https://github.com/csci241-20s/lab-1-mason-rhodes.git
   5277e97..933195d  master -> master
rhodesm8@cf405-19:~/csci241/labs/lab1/lab-1-mason-rhodes$ vim writeup.txt
[?2004h[?1049h[22;0;0t[?1h=[?2004h[1;24r[?12h[?12l[27m[23m[29m[m[H[2J[?25l[24;1H"writeup.txt" 0L, 0C[2;1Hâ–½[6n[2;1H  [1;1H[>c]10;?]11;?[2;1H[1m[34m~                                                                               [3;1H~                                                                               [4;1H~                                                                               [5;1H~                                                                               [6;1H~                                                                               [7;1H~                                                                               [8;1H~                                                                               [9;1H~                                                                               [10;1H~                                                                               [11;1H~                                                                               [12;1H~                                                                               [13;1H~                                                                               [14;1H~                                                                               [15;1H~                                                                               [16;1H~                                                                               [17;1H~                                                                               [18;1H~                                                                               [19;1H~                                                                               [20;1H~                                                                               [21;1H~                                                                               [22;1H~                                                                               [23;1H~                                                                               [m[24;63H0,0-1[9CAll[1;1H[?25h[27m[23m[29m[m[H[2J[?25l[2;1H[1m[34m~                                                                               [3;1H~                                                                               [4;1H~                                                                               [5;1H~                                                                               [6;1H~                                                                               [7;1H~                                                                               [8;1H~                                                                               [9;1H~                                                                               [10;1H~                                                                               [11;1H~                                                                               [12;1H~                                                                               [13;1H~                                                                               [14;1H~                                                                               [15;1H~                                                                               [16;1H~                                                                               [17;1H~                                                                               [18;1H~                                                                               [19;1H~                                                                               [20;1H~                                                                               [21;1H~                                                                               [22;1H~                                                                               [23;1H~                                                                               [m[24;63H0,0-1[9CAll"writeup.txt" 0L, 0C[1;1H[?25h[?25l[24;53Hi[1;1H[24;53H [1;1H[24;1H[1m-- INSERT --[m[24;13H[K[24;63H0,1[11CAll[1;1H[?25h[?25l[2;1H[K[24;63H2[2;1H[?25h[?25l[1m[34m~                                                                               [m[24;63H1[1;1H[?25h[?25lM[24;65H2[1;2H[?25h[?25la[24;65H3[1;3H[?25h[?25ls[24;65H4[1;4H[?25h[?25lo[24;65H5[1;5H[?25h[?25ln[24;65H6[1;6H[?25h[?25l[24;65H7[1;7H[?25h[?25lR[24;65H8[1;8H[?25h[?25lh[24;65H9[1;9H[?25h[?25lo[24;65H10[1;10H[?25h[?25ld[24;66H1[1;11H[?25h[?25le[24;66H2[1;12H[?25h[?25ls[24;66H3[1;13H[?25h[24;1H[K[1;12H[?25l[24;53H^[[1;12H[24;53H  [1;13H[24;63H1,12[10CAll[1;12H[?25h[?25l[24;53H:[1;12H[24;53H[K[24;1H:[?2004h[?25hq[?25l[?25h![?25l[?25h[?25l[?2004l[24;1H[K[24;1H[?2004l[?1l>[?25h[?1049l[23;0;0trhodesm8@cf405-19:~/csci241/labs/lab1/lab-1-mason-rhodes$ git add qw[K[Kwriteup.txt
rhodesm8@cf405-19:~/csci241/labs/lab1/lab-1-mason-rhodes$ git commit -m "Added p art 1 to writeup"[1@([1@n[1@a[1@m[1@e[1@s[1@)[1@ 
On branch master
Your branch is up to date with 'origin/master'.

nothing to commit, working tree clean
rhodesm8@cf405-19:~/csci241/labs/lab1/lab-1-mason-rhodes$ git status
On branch master
Your branch is up to date with 'origin/master'.

nothing to commit, working tree clean
rhodesm8@cf405-19:~/csci241/labs/lab1/lab-1-mason-rhodes$ vim writeup.txt 
[?2004h[?1049h[22;0;0t[?1h=[?2004h[1;24r[?12h[?12l[27m[23m[29m[m[H[2J[?25l[24;1H"writeup.txt" 0L, 0C[2;1Hâ–½[6n[2;1H  [1;1H[>c]10;?]11;?[2;1H[1m[34m~                                                                               [3;1H~                                                                               [4;1H~                                                                               [5;1H~                                                                               [6;1H~                                                                               [7;1H~                                                                               [8;1H~                                                                               [9;1H~                                                                               [10;1H~                                                                               [11;1H~                                                                               [12;1H~                                                                               [13;1H~                                                                               [14;1H~                                                                               [15;1H~                                                                               [16;1H~                                                                               [17;1H~                                                                               [18;1H~                                                                               [19;1H~                                                                               [20;1H~                                                                               [21;1H~                                                                               [22;1H~                                                                               [23;1H~                                                                               [m[24;63H0,0-1[9CAll[1;1H[?25h[27m[23m[29m[m[H[2J[?25l[2;1H[1m[34m~                                                                               [3;1H~                                                                               [4;1H~                                                                               [5;1H~                                                                               [6;1H~                                                                               [7;1H~                                                                               [8;1H~                                                                               [9;1H~                                                                               [10;1H~                                                                               [11;1H~                                                                               [12;1H~                                                                               [13;1H~                                                                               [14;1H~                                                                               [15;1H~                                                                               [16;1H~                                                                               [17;1H~                                                                               [18;1H~                                                                               [19;1H~                                                                               [20;1H~                                                                               [21;1H~                                                                               [22;1H~                                                                               [23;1H~                                                                               [m[24;63H0,0-1[9CAll"writeup.txt" 0L, 0C[1;1H[?25h[?25l[24;53Hk[1;1H[24;53H [1;1H[?25h[?25l[24;53Hj[1;1H[24;53H [1;1H[?25h[?25l[24;53Hk[1;1H[24;53H [1;1H[?25h[?25l[24;53Hj[1;1H[24;53H [1;1H[?25h[?25l[24;53Hh[1;1H[24;53H [1;1H[?25h[?25l[24;53Hi[1;1H[24;53H [1;1H[24;1H[1m-- INSERT --[m[24;13H[K[24;63H0,1[11CAll[1;1H[?25h[24;1H[K[1;1H[?25l[24;53H^[[1;1H[24;53H  [1;1H[24;63H0,0-1[9CAll[1;1H[?25h[?25l[24;53Hk[1;1H[24;53H [1;1H[?25h[?25l[24;53Hl[1;1H[24;53H [1;1H[?25h[?25l[24;53Hi[1;1H[24;53H [1;1H[24;1H[1m-- INSERT --[m[24;63H[K[24;63H0,1[11CAll[1;1H[?25h[?25lM[24;63H1,2[1;2H[?25h[?25la[24;65H3[1;3H[?25h[?25ls[24;65H4[1;4H[?25h[?25lo[24;65H5[1;5H[?25h[?25ln[24;65H6[1;6H[?25h[?25l[24;65H7[1;7H[?25h[?25lR[24;65H8[1;8H[?25h[?25lh[24;65H9[1;9H[?25h[?25lo[24;65H10[1;10H[?25h[?25ld[24;66H1[1;11H[?25h[?25le[24;66H2[1;12H[?25h[?25ls[24;66H3[1;13H[?25h[?25l[2;1H[K[24;63H2,1 [2;1H[?25h[?25lH[24;65H2[2;2H[?25h[?25lo[24;65H3[2;3H[?25h[?25lb[24;65H4[2;4H[?25h[?25lb[24;65H5[2;5H[?25h[?25ly[24;65H6[2;6H[?25h[?25l:[24;65H7[2;7H[?25h[?25l[24;65H8[2;8H[?25h[?25lS[24;65H9[2;9H[?25h[?25lo[24;65H10[2;10H[?25h[?25lc[24;66H1[2;11H[?25h[?25li[24;66H2[2;12H[?25h[?25la[24;66H3[2;13H[?25h[?25ll[24;66H4[2;14H[?25h[?25l[24;66H5[2;15H[?25h[?25lD[24;66H6[2;16H[?25h[?25li[24;66H7[2;17H[?25h[?25ls[24;66H8[2;18H[?25h[?25lt[24;66H9[2;19H[?25h[?25la[24;65H20[2;20H[?25h[?25ln[24;66H1[2;21H[?25h[?25lc[24;66H2[2;22H[?25h[?25li[24;66H3[2;23H[?25h[?25ln[24;66H4[2;24H[?25h[?25lg[24;66H5[2;25H[?25h[?25l[24;66H6[2;26H[?25h[24;1H[K[2;25H[?25l[24;53H^[[2;25H[24;53H  [2;26H[24;63H2,25[10CAll[2;25H[?25h[?25l[24;53Hj[2;25H[24;53H [2;25H[?25h[?25l[24;53Hk[2;25H[24;53H [1;12H[24;63H1,12[1;12H[?25h[?25l[24;53Hj[1;12H[24;53H [2;25H[24;63H2,25[2;25H[?25h[?25l[24;53Hh[2;25H[24;53H [2;24H[24;66H4[2;24H[?25h[?25l[24;53Hh[2;24H[24;53H [2;23H[24;66H3[2;23H[?25h[?25l[24;53Hh[2;23H[24;53H [2;22H[24;66H2[2;22H[?25h[?25l[24;53Hh[2;22H[24;53H [2;21H[24;66H1[2;21H[?25h[?25l[24;53Hh[2;21H[24;53H [2;20H[24;66H0[2;20H[?25h[?25l[24;53Hh[2;20H[24;53H [2;19H[24;65H19[2;19H[?25h[?25l[24;53Hh[2;19H[24;53H [2;18H[24;66H8[2;18H[?25h[?25l[24;53Hh[2;18H[24;53H [2;17H[24;66H7[2;17H[?25h[?25l[24;53Hl[2;17H[24;53H [2;18H[24;66H8[2;18H[?25h[?25l[24;53Hk[2;18H[24;53H [1;12H[24;63H1,12[1;12H[?25h[?25l[24;53Hj[1;12H[24;53H [2;18H[24;63H2,18[2;18H[?25h[?25l[24;53Hk[2;18H[24;53H [1;12H[24;63H1,12[1;12H[?25h[?25l[24;53Hj[1;12H[24;53H [2;18H[24;63H2,18[2;18H[?25h[?25l[24;53Hk[2;18H[24;53H [1;12H[24;63H1,12[1;12H[?25h[?25l[24;53Hj[1;12H[24;53H [2;18H[24;63H2,18[2;18H[?25h[?25l[24;53H^[[2;18H[24;53H  [2;18H[24;53H^[[2;18H[24;53H  [2;18H[?25h[?25l[24;53H:[2;18H[24;53H[K[24;1H:[?2004h[?25hw[?25l[?25hq[?25l[?25h[?25l[?2004l"writeup.txt" 2L, 39C written
[?2004l[?1l>[?25h[?1049l[23;0;0trhodesm8@cf405-19:~/csci241/labs/lab1/lab-1-mason-rhodes$ vim writeup.txt 
[?2004h[?1049h[22;0;0t[?1h=[?2004h[1;24r[?12h[?12l[27m[23m[29m[m[H[2J[?25l[24;1H"writeup.txt" 2L, 39C[2;1Hâ–½[6n[2;1H  [1;1H[>c]10;?]11;?[1;1HMason Rhodes
Hobby: Social Distancing
[1m[34m~                                                                               [4;1H~                                                                               [5;1H~                                                                               [6;1H~                                                                               [7;1H~                                                                               [8;1H~                                                                               [9;1H~                                                                               [10;1H~                                                                               [11;1H~                                                                               [12;1H~                                                                               [13;1H~                                                                               [14;1H~                                                                               [15;1H~                                                                               [16;1H~                                                                               [17;1H~                                                                               [18;1H~                                                                               [19;1H~                                                                               [20;1H~                                                                               [21;1H~                                                                               [22;1H~                                                                               [23;1H~                                                                               [m[24;63H2,18[10CAll[2;18H[?25h[27m[23m[29m[m[H[2J[?25l[1;1HMason Rhodes
Hobby: Social Distancing
[1m[34m~                                                                               [4;1H~                                                                               [5;1H~                                                                               [6;1H~                                                                               [7;1H~                                                                               [8;1H~                                                                               [9;1H~                                                                               [10;1H~                                                                               [11;1H~                                                                               [12;1H~                                                                               [13;1H~                                                                               [14;1H~                                                                               [15;1H~                                                                               [16;1H~                                                                               [17;1H~                                                                               [18;1H~                                                                               [19;1H~                                                                               [20;1H~                                                                               [21;1H~                                                                               [22;1H~                                                                               [23;1H~                                                                               [m[24;63H2,18[10CAll"writeup.txt" 2L, 39C[2;18H[?25h[?25l[24;53H:[2;18H[24;1H[K[24;1H:[?2004h[?25hq[?25l[?25h[?25l[24;2H[K[24;2H[?25hw[?25l[?25hq[?25l[?25h[?25l[?2004l"writeup.txt" 2L, 39C written
[?2004l[?1l>[?25h[?1049l[23;0;0trhodesm8@cf405-19:~/csci241/labs/lab1/lab-1-mason-rhodes$ git status
On branch master
Your branch is up to date with 'origin/master'.

Changes not staged for commit:
  (use "git add <file>..." to update what will be committed)
  (use "git checkout -- <file>..." to discard changes in working directory)

	[31mmodified:   writeup.txt[m

no changes added to commit (use "git add" and/or "git commit -a")
rhodesm8@cf405-19:~/csci241/labs/lab1/lab-1-mason-rhodes$ git add writeup.txt 
rhodesm8@cf405-19:~/csci241/labs/lab1/lab-1-mason-rhodes$ git status
On branch master
Your branch is up to date with 'origin/master'.

Changes to be committed:
  (use "git reset HEAD <file>..." to unstage)

	[32mmodified:   writeup.txt[m

rhodesm8@cf405-19:~/csci241/labs/lab1/lab-1-mason-rhodes$ git commit -m "Added h obbys"
[master ebcb826] Added hobbys
 Committer: Mason Rhodes <rhodesm8@cf405-19.cs.wwu.edu>
Your name and email address were configured automatically based
on your username and hostname. Please check that they are accurate.
You can suppress this message by setting them explicitly. Run the
following command and follow the instructions in your editor to edit
your configuration file:

    git config --global --edit

After doing this, you may fix the identity used for this commit with:

    git commit --amend --reset-author

 1 file changed, 2 insertions(+)
rhodesm8@cf405-19:~/csci241/labs/lab1/lab-1-mason-rhodes$ git push origin master [A[C[C[C[C[C[C[C[C[C[C[C[C[C[C[C[C[C[C[C[C[C[C[C[C[C[C[C[C[C[C[C[C[C[C[C[C[C[C[C[C[C[C[C[C[C[C[C[C[C[C[C[C[C[C[C[C[C[C[C[C[C[C[C[C[C[C[C[C[C[C[C[C[C[C[C[C[C[C[C[Kr
Username for 'https://github.com': rhodesm8@wwu.edu
Password for 'https://rhodesm8@wwu.edu@github.com': 
Counting objects: 3, done.
Delta compression using up to 8 threads.
Compressing objects:  50% (1/2)   Compressing objects: 100% (2/2)   Compressing objects: 100% (2/2), done.
Writing objects:  33% (1/3)   Writing objects:  66% (2/3)   Writing objects: 100% (3/3)   Writing objects: 100% (3/3), 301 bytes | 301.00 KiB/s, done.
Total 3 (delta 1), reused 0 (delta 0)
remote: Resolving deltas:   0% (0/1)[Kremote: Resolving deltas: 100% (1/1)[Kremote: Resolving deltas: 100% (1/1), completed with 1 local object.[K
To https://github.com/csci241-20s/lab-1-mason-rhodes.git
   933195d..ebcb826  master -> master
rhodesm8@cf405-19:~/csci241/labs/lab1/lab-1-mason-rhodes$ touch username.txt
rhodesm8@cf405-19:~/csci241/labs/lab1/lab-1-mason-rhodes$ Mason Rhode[K[K[K[K[K[K[K[K[K[K[Kvim username.txt 
[?2004h[?1049h[22;0;0t[?1h=[?2004h[1;24r[?12h[?12l[27m[23m[29m[m[H[2J[?25l[24;1H"username.txt" 0L, 0C[2;1Hâ–½[6n[2;1H  [1;1H[>c]10;?]11;?[2;1H[1m[34m~                                                                               [3;1H~                                                                               [4;1H~                                                                               [5;1H~                                                                               [6;1H~                                                                               [7;1H~                                                                               [8;1H~                                                                               [9;1H~                                                                               [10;1H~                                                                               [11;1H~                                                                               [12;1H~                                                                               [13;1H~                                                                               [14;1H~                                                                               [15;1H~                                                                               [16;1H~                                                                               [17;1H~                                                                               [18;1H~                                                                               [19;1H~                                                                               [20;1H~                                                                               [21;1H~                                                                               [22;1H~                                                                               [23;1H~                                                                               [m[24;63H0,0-1[9CAll[1;1H[?25h[27m[23m[29m[m[H[2J[?25l[2;1H[1m[34m~                                                                               [3;1H~                                                                               [4;1H~                                                                               [5;1H~                                                                               [6;1H~                                                                               [7;1H~                                                                               [8;1H~                                                                               [9;1H~                                                                               [10;1H~                                                                               [11;1H~                                                                               [12;1H~                                                                               [13;1H~                                                                               [14;1H~                                                                               [15;1H~                                                                               [16;1H~                                                                               [17;1H~                                                                               [18;1H~                                                                               [19;1H~                                                                               [20;1H~                                                                               [21;1H~                                                                               [22;1H~                                                                               [23;1H~                                                                               [m[24;63H0,0-1[9CAll"username.txt" 0L, 0C[1;1H[?25h[?25l[24;53Hi[1;1H[24;53H [1;1H[24;1H[1m-- INSERT --[m[24;13H[K[24;63H0,1[11CAll[1;1H[?25h[?25lM[24;63H1,2[1;2H[?25h[?25la[24;65H3[1;3H[?25h[?25ls[24;65H4[1;4H[?25h[?25lo[24;65H5[1;5H[?25h[?25ln[24;65H6[1;6H[?25h[?25l[24;65H7[1;7H[?25h[?25lR[24;65H8[1;8H[?25h[?25lh[24;65H9[1;9H[?25h[?25lo[24;65H10[1;10H[?25h[?25ld[24;66H1[1;11H[?25h[?25le[24;66H2[1;12H[?25h[?25ls[24;66H3[1;13H[?25h[?25l,[24;66H4[1;14H[?25h[?25lm[24;66H5[1;15H[?25h[?25l[1;14H[K[24;66H4[1;14H[?25h[?25lr[24;66H5[1;15H[?25h[?25lh[24;66H6[1;16H[?25h[?25lo[24;66H7[1;17H[?25h[?25ld[24;66H8[1;18H[?25h[?25le[24;66H9[1;19H[?25h[?25ls[24;65H20[1;20H[?25h[?25lm[24;66H1[1;21H[?25h[?25l8[24;66H2[1;22H[?25h[?25l,[24;66H3[1;23H[?25h[?25lm[24;66H4[1;24H[?25h[?25la[24;66H5[1;25H[?25h[?25ls[24;66H6[1;26H[?25h[?25lo[24;66H7[1;27H[?25h[?25ln[24;66H8[1;28H[?25h[?25l-[24;66H9[1;29H[?25h[?25lr[24;65H30[1;30H[?25h[?25lh[24;66H1[1;31H[?25h[?25lo[24;66H2[1;32H[?25h[?25ld[24;66H3[1;33H[?25h[?25le[24;66H4[1;34H[?25h[?25ls[24;66H5[1;35H[?25h[24;1H[K[1;34H[?25l[24;53H^[[1;34H[24;53H  [1;35H[24;63H1,34[10CAll[1;34H[?25h[?25l[24;53H:[1;34H[24;53H[K[24;1H:[?2004h[?25hw[?25l[?25hq[?25l[?25h[?25l[?2004l"username.txt" 1L, 35C written
[?2004l[?1l>[?25h[?1049l[23;0;0trhodesm8@cf405-19:~/csci241/labs/lab1/lab-1-mason-rhodes$ git add username.txt 
rhodesm8@cf405-19:~/csci241/labs/lab1/lab-1-mason-rhodes$ git commit -m "Added u sername.txt"
[master 80a6b2b] Added username.txt
 Committer: Mason Rhodes <rhodesm8@cf405-19.cs.wwu.edu>
Your name and email address were configured automatically based
on your username and hostname. Please check that they are accurate.
You can suppress this message by setting them explicitly. Run the
following command and follow the instructions in your editor to edit
your configuration file:

    git config --global --edit

After doing this, you may fix the identity used for this commit with:

    git commit --amend --reset-author

 1 file changed, 1 insertion(+)
 create mode 100644 username.txt
rhodesm8@cf405-19:~/csci241/labs/lab1/lab-1-mason-rhodes$ git osh[K[K[Kpush origin master [A[C[C[C[C[C[C[C[C[C[C[C[C[C[C[C[C[C[C[C[C[C[C[C[C[C[C[C[C[C[C[C[C[C[C[C[C[C[C[C[C[C[C[C[C[C[C[C[C[C[C[C[C[C[C[C[C[C[C[C[C[C[C[C[C[C[C[C[C[C[C[C[C[C[C[C[C[C[C[C[Kr
Username for 'https://github.com': rhodesm8@wwu,.  .edu
Password for 'https://rhodesm8@wwu.edu@github.com': 
Counting objects: 3, done.
Delta compression using up to 8 threads.
Compressing objects:  50% (1/2)   Compressing objects: 100% (2/2)   Compressing objects: 100% (2/2), done.
Writing objects:  33% (1/3)   Writing objects:  66% (2/3)   Writing objects: 100% (3/3)   Writing objects: 100% (3/3), 306 bytes | 306.00 KiB/s, done.
Total 3 (delta 1), reused 0 (delta 0)
remote: Resolving deltas:   0% (0/1)[Kremote: Resolving deltas: 100% (1/1)[Kremote: Resolving deltas: 100% (1/1), completed with 1 local object.[K
To https://github.com/csci241-20s/lab-1-mason-rhodes.git
   ebcb826..80a6b2b  master -> master
rhodesm8@cf405-19:~/csci241/labs/lab1/lab-1-mason-rhodes$ git checkout -b questi on3
Switched to a new branch 'question3'
rhodesm8@cf405-19:~/csci241/labs/lab1/lab-1-mason-rhodes$ vim writeup.txt 
[?2004h[?1049h[22;0;0t[?1h=[?2004h[1;24r[?12h[?12l[27m[23m[29m[m[H[2J[?25l[24;1H"writeup.txt" 2L, 39C[2;1Hâ–½[6n[2;1H  [1;1H[>c]10;?]11;?[1;1HMason Rhodes
Hobby: Social Distancing
[1m[34m~                                                                               [4;1H~                                                                               [5;1H~                                                                               [6;1H~                                                                               [7;1H~                                                                               [8;1H~                                                                               [9;1H~                                                                               [10;1H~                                                                               [11;1H~                                                                               [12;1H~                                                                               [13;1H~                                                                               [14;1H~                                                                               [15;1H~                                                                               [16;1H~                                                                               [17;1H~                                                                               [18;1H~                                                                               [19;1H~                                                                               [20;1H~                                                                               [21;1H~                                                                               [22;1H~                                                                               [23;1H~                                                                               [m[24;63H2,18[10CAll[2;18H[?25h[27m[23m[29m[m[H[2J[?25l[1;1HMason Rhodes
Hobby: Social Distancing
[1m[34m~                                                                               [4;1H~                                                                               [5;1H~                                                                               [6;1H~                                                                               [7;1H~                                                                               [8;1H~                                                                               [9;1H~                                                                               [10;1H~                                                                               [11;1H~                                                                               [12;1H~                                                                               [13;1H~                                                                               [14;1H~                                                                               [15;1H~                                                                               [16;1H~                                                                               [17;1H~                                                                               [18;1H~                                                                               [19;1H~                                                                               [20;1H~                                                                               [21;1H~                                                                               [22;1H~                                                                               [23;1H~                                                                               [m[24;63H2,18[10CAll"writeup.txt" 2L, 39C[2;18H[?25h[?25l[24;53Hl[2;18H[24;53H [2;19H[24;66H9[2;19H[?25h[?25l[24;53Hl[2;19H[24;53H [2;20H[24;65H20[2;20H[?25h[?25l[24;53Hl[2;20H[24;53H [2;21H[24;66H1[2;21H[?25h[?25l[24;53Hl[2;21H[24;53H [2;22H[24;66H2[2;22H[?25h[?25l[24;53Hl[2;22H[24;53H [2;23H[24;66H3[2;23H[?25h[?25l[24;53Hl[2;23H[24;53H [2;24H[24;66H4[2;24H[?25h[?25l[24;53Hl[2;24H[24;53H [2;25H[24;66H5[2;25H[?25h[?25l[24;53Hi[2;25H[24;53H [2;25H[24;1H[1m-- INSERT --[m[24;13H[K[24;63H2,25[10CAll[2;25H[?25h[?25l
 [3;2H[K[24;63H3,1 [3;1H[?25h[?25lF[24;65H2[3;2H[?25h[?25la[24;65H3[3;3H[?25h[?25lv[24;65H4[3;4H[?25h[?25lo[24;65H5[3;5H[?25h[?25lr[24;65H6[3;6H[?25h[?25li[24;65H7[3;7H[?25h[?25lt[24;65H8[3;8H[?25h[?25le[24;65H9[3;9H[?25h[?25l[24;65H10[3;10H[?25h[?25ls[24;66H1[3;11H[?25h[?25lo[24;66H2[3;12H[?25h[?25ln[24;66H3[3;13H[?25h[?25lg[24;66H4[3;14H[?25h[?25l:[24;66H5[3;15H[?25h[?25l[24;66H6[3;16H[?25h[?25lN[24;66H7[3;17H[?25h[?25le[24;66H8[3;18H[?25h[?25lv[24;66H9[3;19H[?25h[?25le[24;65H20[3;20H[?25h[?25lr[24;66H1[3;21H[?25h[?25l[24;66H2[3;22H[?25h[?25lg[24;66H3[3;23H[?25h[?25lo[24;66H4[3;24H[?25h[?25l [24;66H3[3;23H[?25h[?25l [24;66H2[3;22H[?25h[?25l[24;66H1[3;21H[?25h[?25l[24;66H2[3;22H[?25h[?25lG[24;66H3[3;23H[?25h[?25lo[24;66H4[3;24H[?25h[?25ln[24;66H5[3;25H[?25h[?25ln[24;66H6[3;26H[?25h[?25la[24;66H7[3;27H[?25h[?25l[24;66H8[3;28H[?25h[?25lG[24;66H9[3;29H[?25h[?25li[24;65H30[3;30H[?25h[?25lv[24;66H1[3;31H[?25h[?25le[24;66H2[3;32H[?25h[?25l[24;66H3[3;33H[?25h[?25lY[24;66H4[3;34H[?25h[?25lo[24;66H5[3;35H[?25h[?25lu[24;66H6[3;36H[?25h[?25l[24;66H7[3;37H[?25h[?25lU[24;66H8[3;38H[?25h[?25lp[24;66H9[3;39H[?25h[?25l[24;65H40[3;40H[?25h[?25lb[24;66H1[3;41H[?25h[?25ly[24;66H2[3;42H[?25h[?25l[24;66H3[3;43H[?25h[?25lR[24;66H4[3;44H[?25h[?25li[24;66H5[3;45H[?25h[?25lc[24;66H6[3;46H[?25h[?25lk[24;66H7[3;47H[?25h[?25l[24;66H8[3;48H[?25h[?25lA[24;66H9[3;49H[?25h[?25ls[24;65H50[3;50H[?25h[?25lt[24;66H1[3;51H[?25h[?25ll[24;66H2[3;52H[?25h[?25ly[24;66H3[3;53H[?25h[?25l [24;66H2[3;52H[?25h[?25le[24;66H3[3;53H[?25h[?25ll[24;66H4[3;54H[?25h[?25l [24;66H3[3;53H[?25h[?25l [24;66H2[3;52H[?25h[?25ll[24;66H3[3;53H[?25h[?25le[24;66H4[3;54H[?25h[?25ly[24;66H5[3;55H[?25h[?25l [24;66H4[3;54H[?25h[?25l [24;66H3[3;53H[?25h[?25l [24;66H2[3;52H[?25h[?25l [24;66H1[3;51H[?25h[?25ll[24;66H2[3;52H[?25h[?25le[24;66H3[3;53H[?25h[?25ly[24;66H4[3;54H[?25h[24;1H[K[3;53H[?25l[24;53H^[[3;53H[24;53H  [3;54H[24;63H3,53[10CAll[3;53H[?25h[?25l[24;53Hk[3;53H[24;53H [2;24H[24;63H2,24[2;24H[?25h[?25l[24;53Hj[2;24H[24;53H [3;53H[24;63H3,53[3;53H[?25h[?25l[24;53Hl[3;53H[24;53H [3;54H[24;66H4[3;54H[?25h[?25l[24;53H:[3;54H[24;53H[K[24;1H:[?2004h[?25hw[?25l[?25hq[?25l[?25h[?25l[?2004l"writeup.txt" 3L, 93C written
[?2004l[?1l>[?25h[?1049l[23;0;0trhodesm8@cf405-19:~/csci241/labs/lab1/lab-1-mason-rhodes$ git add writeup.txt 
rhodesm8@cf405-19:~/csci241/labs/lab1/lab-1-mason-rhodes$ git commit -m "Added F [A[C[C[C[C[C[C[C[C[C[C[C[C[C[C[C[C[C[C[C[C[C[C[C[C[C[C[C[C[C[C[C[C[C[C[C[C[C[C[C[C[C[C[C[C[C[C[C[C[C[C[C[C[C[C[C[C[C[C[C[C[C[C[C[C[C[C[C[C[C[C[C[C[C[C[C[C[C[C[C[K
[K[A[C[C[C[C[C[C[C[C[C[C[C[C[C[C[C[C[C[C[C[C[C[C[C[C[C[C[C[C[C[C[C[C[C[C[C[C[C[C[C[C[C[C[C[C[C[C[C[C[C[C[C[C[C[C[C[C[C[C[C[C[C[C[C[C[C[C[C[C[C[C[C[C[C[C[C[C[C[C[Cf avorite song"
[question3 8891f27] Added favorite song
 Committer: Mason Rhodes <rhodesm8@cf405-19.cs.wwu.edu>
Your name and email address were configured automatically based
on your username and hostname. Please check that they are accurate.
You can suppress this message by setting them explicitly. Run the
following command and follow the instructions in your editor to edit
your configuration file:

    git config --global --edit

After doing this, you may fix the identity used for this commit with:

    git commit --amend --reset-author

 1 file changed, 2 insertions(+), 1 deletion(-)
rhodesm8@cf405-19:~/csci241/labs/lab1/lab-1-mason-rhodes$ git checkout master
Switched to branch 'master'
Your branch is up to date with 'origin/master'.
rhodesm8@cf405-19:~/csci241/labs/lab1/lab-1-mason-rhodes$ git merge poe[K[K[Kquestion2[K3
Updating 80a6b2b..8891f27
Fast-forward
 writeup.txt | 3 [32m++[m[31m-[m
 1 file changed, 2 insertions(+), 1 deletion(-)
rhodesm8@cf405-19:~/csci241/labs/lab1/lab-1-mason-rhodes$ git branch -d question 3
Deleted branch question3 (was 8891f27).
rhodesm8@cf405-19:~/csci241/labs/lab1/lab-1-mason-rhodes$ ls
build.gradle  settings.gradle  src  username.txt  writeup.txt
rhodesm8@cf405-19:~/csci241/labs/lab1/lab-1-mason-rhodes$ gradle[K[K[K[K[K[Kcd src
rhodesm8@cf405-19:~/csci241/labs/lab1/lab-1-mason-rhodes/src$ ls
main
rhodesm8@cf405-19:~/csci241/labs/lab1/lab-1-mason-rhodes/src$ cd main
rhodesm8@cf405-19:~/csci241/labs/lab1/lab-1-mason-rhodes/src/main$ ls
java
rhodesm8@cf405-19:~/csci241/labs/lab1/lab-1-mason-rhodes/src/main$ cd java
rhodesm8@cf405-19:~/csci241/labs/lab1/lab-1-mason-rhodes/src/main/java$ ls
lab1
rhodesm8@cf405-19:~/csci241/labs/lab1/lab-1-mason-rhodes/src/main/java$ cd lab1
rhodesm8@cf405-19:~/csci241/labs/lab1/lab-1-mason-rhodes/src/main/java/lab1$ ls
Hello.java
rhodesm8@cf405-19:~/csci241/labs/lab1/lab-1-mason-rhodes/src/main/java/lab1$ [Krhodesm8@cf405-19:~/csci241/labs/lab1/lab-1-mason-rhodes/src/main/java/lab1$ gradle build

Welcome to Gradle 6.1!

Here are the highlights of this release:
 - Dependency cache is relocatable
 - Configurable compilation order between Groovy, Java & Scala
 - New sample projects in Gradle's documentation

For more details see https://docs.gradle.org/6.1/release-notes.html

Starting a Gradle Daemon (subsequent builds will be faster)


[2A[1B[1m> Starting Daemon[m[17D[1B[1A> IDLE[0K[6D[1B[2A[1m<[0;1m-------------> 0% INITIALIZING [16ms][m[38D[2B[2A[1m<[0;1m-------------> 0% INITIALIZING [116ms][m[39D[1B[1m> Evaluating settings[m[21D[1B[2A[1m<[0;1m-------------> 0% INITIALIZING [216ms][m[39D[2B[2A[1m<[0;1m-------------> 0% INITIALIZING [316ms][m[39D[2B[2A[1m<[0;1m-------------> 0% INITIALIZING [416ms][m[39D[2B[2A[1m<[0;1m-------------> 0% INITIALIZING [516ms][m[39D[1B[1m> Evaluating settings > Compiling /home/rhodesm8/csci241/labs/lab1/lab-1-mason-rhodes/settings.gradle into local com[m[116D[1B[2A[1m<[0;1m-------------> 0% INITIALIZING [616ms][m[39D[2B[2A[1m<[0;1m-------------> 0% INITIALIZING [716ms][m[39D[2B[2A[1m<[0;1m-------------> 0% INITIALIZING [816ms][m[39D[1B[1m> Evaluating settings[m[0K[21D[1B[2A[0K
[31mFAILURE: [39m[31mBuild failed with an exception.[39m

* What went wrong:
Project directory '/home/rhodesm8/csci241/labs/lab1/lab-1-mason-rhodes/src/main/java/lab1' is not part of the build defined by settings file '/home/rhodesm8/csci241/labs/lab1/lab-1-mason-rhodes/settings.gradle'. If this is an unrelated build, it must have its own settings file.

* Try:
Run with [1m--stacktrace[m option to get the stack trace. Run with [1m--info[m or [1m--debug[m option to get more log output. Run with [1m--scan[m to get full insights.

* Get more help at [1mhttps://help.gradle.org[m

[31;1mBUILD FAILED[0;39m in 2s
[0K
[0K
[2A[1m<[0;1m-------------> 0% WAITING[m[26D[1B> IDLE[6D[1B[2A[2K[1B[2K[1A[0m[?12l[?25hrhodesm8@cf405-19:~/csci241/labs/lab1/lab-1-mason-rhodes/src/main/java/lab1$ gradle run

[31mFAILURE: [39m[31mBuild failed with an exception.[39m

* What went wrong:
Project directory '/home/rhodesm8/csci241/labs/lab1/lab-1-mason-rhodes/src/main/java/lab1' is not part of the build defined by settings file '/home/rhodesm8/csci241/labs/lab1/lab-1-mason-rhodes/settings.gradle'. If this is an unrelated build, it must have its own settings file.

* Try:
Run with [1m--stacktrace[m option to get the stack trace. Run with [1m--info[m or [1m--debug[m option to get more log output. Run with [1m--scan[m to get full insights.

* Get more help at [1mhttps://help.gradle.org[m

[31;1mBUILD FAILED[0;39m in 386ms

[1A[1m<[0;1m-------------> 0% WAITING[m[26D[1B[1A[2K[0m[?12l[?25hrhodesm8@cf405-19:~/csci241/labs/lab1/lab-1-mason-rhodes/src/main/java/lab1$ cd ..
rhodesm8@cf405-19:~/csci241/labs/lab1/lab-1-mason-rhodes/src/main/java$ cd ..
rhodesm8@cf405-19:~/csci241/labs/lab1/lab-1-mason-rhodes/src/main$ cd ..
rhodesm8@cf405-19:~/csci241/labs/lab1/lab-1-mason-rhodes/src$ cd ..
rhodesm8@cf405-19:~/csci241/labs/lab1/lab-1-mason-rhodes$ ls
build.gradle  settings.gradle  src  username.txt  writeup.txt
rhodesm8@cf405-19:~/csci241/labs/lab1/lab-1-mason-rhodes$ gradle build


[2A[1m<[0;1m-------------> 0% CONFIGURING [45ms][m[37D[1B[1m> Loading projects[m[18D[1B[2A[1m<[0;1m-------------> 0% CONFIGURING [145ms][m[38D[1B[1m> root project[m[0K[14D[1B[2A[1m<[0;1m-------------> 0% CONFIGURING [245ms][m[38D[2B[2A[1m<[0;1m-------------> 0% CONFIGURING [345ms][m[38D[2B[2A[1m<[0;1m-------------> 0% CONFIGURING [445ms][m[38D[2B[2A[1m<[0;1m-------------> 0% CONFIGURING [545ms][m[38D[2B[2A[1m<[0;32;1m=============[0;39;1m> 100% CONFIGURING [645ms][m[40D[1B> IDLE[0K[6D[1B[2A[1m<[0;32;1m=============[0;39;1m> 100% CONFIGURING [745ms][m[40D[2B[2A[1m<[0;32;1m=============[0;39;1m> 100% CONFIGURING [845ms][m[40D[2B[2A[1m<[0;1m-------------> 0% EXECUTING [945ms][m[0K[36D[1B[1m> :compileJava[m[14D[1B[2A[1m<[0;1m-------------> 0% EXECUTING [1s][m[0K[33D[1B[1m> :compileJava > Resolve dependencies of :compileClasspath > guava-26.0-jre.pom[m[79D[1B[1A[1m> :compileJava > Resolve dependencies of :compileClasspath[m[0K[58D[1B[1A[1m> :compileJava > Resolve dependencies of :compileClasspath > oss-parent-9.pom[m[77D[1B[1A[1m> :compileJava > Resolve dependencies of :compileClasspath[m[0K[58D[1B



[6A[1m<[0;1m-------------> 0% EXECUTING [2s][m[33D[1B[1m> :compileJava > Resolve files of :compileClasspath > guava-26.0-jre.jar[m[72D[1B[1m> :compileJava > Resolve files of :compileClasspath > error_prone_annotations-2.1.3.jar > 2 KB/13 KB downloaded[m[111D[1B[1m> :compileJava > Resolve files of :compileClasspath > jsr305-3.0.2.jar > 2 KB/19 KB downloaded[m[94D[1B[1m> :compileJava > Resolve files of :compileClasspath > j2objc-annotations-1.1.jar[m[80D[1B[1m> :compileJava > Resolve files of :compileClasspath > checker-qual-2.5.2.jar > 6 KB/188 KB downloaded[m[101D[1B[5A[1m> :compileJava > Resolve files of :compileClasspath > guava-26.0-jre.jar > 629 KB/2.61 MB downloaded[m[100D[1B> IDLE[0K[6D[1B> IDLE[0K[6D[1B> IDLE[0K[6D[1B> IDLE[0K[6D[1B[5A[1m> :compileJava > Resolve files of :compileClasspath[m[0K[51D[5B[5A[1m> :compileJava[m[0K[14D[5B[6A[1m<[0;1m-------------> 0% EXECUTING [3s][m[33D[6B[6A[1m<[0;1m-------------> 0% EXECUTING [4s][m[33D[6B[6A[1m<[0;1m-------------> 0% EXECUTING [5s][m[33D[6B[6A[1m<[0;1m-------------> 0% EXECUTING [6s][m[33D[6B[6A[1m<[0;32;1m===[0;39;1m----------> 28% EXECUTING [6s][m[34D[1B[1m> :startScripts[m[15D[5B[6A[1m<[0;32;1m====[0;39;1m---------> 35% EXECUTING [6s][m[34D[1B[1m> :distTar[m[0K[10D[5B[6A[1m<[0;32;1m=====[0;39;1m--------> 42% EXECUTING [6s][m[34D[1B[1m> :distZip[m[10D[5B[6A[0K
[32;1mBUILD SUCCESSFUL[0;39m in 6s
5 actionable tasks: 5 executed
[3B[0K
[0K
[0K
[6A[1m<[0;1m-------------> 0% WAITING[m[26D[1B[1m> :distZip[m[10D[1B> IDLE[6D[1B> IDLE[6D[1B> IDLE[6D[1B> IDLE[6D[1B[6A[2K[1B[2K[1B[2K[1B[2K[1B[2K[1B[2K[5A[0m[?12l[?25hrhodesm8@cf405-19:~/csci241/labs/lab1/lab-1-mason-rhodes$ gradle run

[1A[1m<[0;1m-------------> 0% EXECUTING [58ms][m[35D[1B[1A[0K
[1m> Task :run[m
Hello, world!

[32;1mBUILD SUCCESSFUL[0;39m in 505ms
2 actionable tasks: 1 executed, 1 up-to-date
[0K
[1A[1m<[0;1m-------------> 0% WAITING[m[26D[1B[1A[2K[0m[?12l[?25hrhodesm8@cf405-19:~/csci241/labs/lab1/lab-1-mason-rhodes$ vim src/main.[K/java/lab1//[KHello.java 
[?2004h[?1049h[22;0;0t[?1h=[?2004h[1;44r[?12h[?12l[27m[23m[29m[m[H[2J[?25l[44;1H"src/main/java/lab1/Hello.java" 7L, 126C[2;1Hâ–½[6n[2;1H  [1;1H[>c]10;?]11;?[1;1H[35mpackage[m lab1;

[32mpublic[m [32mclass[m Hello {
  [32mpublic[m [32mstatic[m [32mvoid[m main(String[] args) {
    System.out.println([31m"Hello, world!"[m);
  }
}
[1m[34m~                                                                                                                    [9;1H~                                                                                                                    [10;1H~                                                                                                                    [11;1H~                                                                                                                    [12;1H~                                                                                                                    [13;1H~                                                                                                                    [14;1H~                                                                                                                    [15;1H~                                                                                                                    [16;1H~                                                                                                                    [17;1H~                                                                                                                    [18;1H~                                                                                                                    [19;1H~                                                                                                                    [20;1H~                                                                                                                    [21;1H~                                                                                                                    [22;1H~                                                                                                                    [23;1H~                                                                                                                    [24;1H~                                                                                                                    [25;1H~                                                                                                                    [26;1H~                                                                                                                    [27;1H~                                                                                                                    [28;1H~                                                                                                                    [29;1H~                                                                                                                    [30;1H~                                                                                                                    [31;1H~                                                                                                                    [32;1H~                                                                                                                    [33;1H~                                                                                                                    [34;1H~                                                                                                                    [35;1H~                                                                                                                    [36;1H~                                                                                                                    [37;1H~                                                                                                                    [38;1H~                                                                                                                    [39;1H~                                                                                                                    [40;1H~                                                                                                                    [41;1H~                                                                                                                    [42;1H~                                                                                                                    [43;1H~                                                                                                                    [m[44;100H1,1[11CAll[1;1H[?25h[27m[23m[29m[m[H[2J[?25l[1;1H[1m[34mpackage[m lab1;

[1m[32mpublic[m [1m[32mclass[m Hello {
  [1m[32mpublic[m [1m[32mstatic[m [1m[32mvoid[m main(String[] args) {
    System.out.println([1m[35m"Hello, world!"[m);
  }
}
[1m[34m~                                                                                                                    [9;1H~                                                                                                                    [10;1H~                                                                                                                    [11;1H~                                                                                                                    [12;1H~                                                                                                                    [13;1H~                                                                                                                    [14;1H~                                                                                                                    [15;1H~                                                                                                                    [16;1H~                                                                                                                    [17;1H~                                                                                                                    [18;1H~                                                                                                                    [19;1H~                                                                                                                    [20;1H~                                                                                                                    [21;1H~                                                                                                                    [22;1H~                                                                                                                    [23;1H~                                                                                                                    [24;1H~                                                                                                                    [25;1H~                                                                                                                    [26;1H~                                                                                                                    [27;1H~                                                                                                                    [28;1H~                                                                                                                    [29;1H~                                                                                                                    [30;1H~                                                                                                                    [31;1H~                                                                                                                    [32;1H~                                                                                                                    [33;1H~                                                                                                                    [34;1H~                                                                                                                    [35;1H~                                                                                                                    [36;1H~                                                                                                                    [37;1H~                                                                                                                    [38;1H~                                                                                                                    [39;1H~                                                                                                                    [40;1H~                                                                                                                    [41;1H~                                                                                                                    [42;1H~                                                                                                                    [43;1H~                                                                                                                    [m[44;100H1,1[11CAll"src/main/java/lab1/Hello.java" 7L, 126C[1;1H[?25h[?25l[44;90Hk[1;1H[44;90H [1;1H[?25h[?25l[44;90Hj[1;1H[44;90H [2;1H[44;100H2,0-1[2;1H[?25h[?25l[44;90Hj[2;1H[44;90H [3;1H[44;100H3,1  [3;1H[?25h[?25l[44;90Hl[3;1H[44;90H [3;2H[44;102H2[3;2H[?25h[?25l[44;90Hj[3;2H[44;90H [4;2H[44;100H4[4;2H[?25h[?25l[44;90Hl[4;2H[44;90H [4;3H[44;102H3[4;3H[?25h[?25l[44;90Hj[4;3H[44;90H [5;3H[44;100H5[5;3H[?25h[?25l[44;90Hl[5;3H[44;90H [5;4H[44;102H4[5;4H[?25h[?25l[44;90Hl[5;4H[44;90H [5;5H[44;102H5[5;5H[?25h[?25l[44;90Hl[5;5H[44;90H [5;6H[44;102H6[5;6H[?25h[?25l[44;90Hl[5;6H[44;90H [5;7H[44;102H7[5;7H[?25h[?25l[44;90Hl[5;7H[44;90H [5;8H[44;102H8[5;8H[?25h[?25l[44;90Hl[5;8H[44;90H [5;9H[44;102H9[5;9H[?25h[?25l[44;90Hl[5;9H[44;90H [5;10H[44;102H10[5;10H[?25h[?25l[44;90Hl[5;10H[44;90H [5;11H[44;103H1[5;11H[?25h[?25l[44;90Hl[5;11H[44;90H [5;12H[44;103H2[5;12H[?25h[?25l[44;90Hl[5;12H[44;90H [5;13H[44;103H3[5;13H[?25h[?25l[44;90Hl[5;13H[44;90H [5;14H[44;103H4[5;14H[?25h[?25l[44;90Hl[5;14H[44;90H [5;15H[44;103H5[5;15H[?25h[?25l[44;90Hl[5;15H[44;90H [5;16H[44;103H6[5;16H[?25h[?25l[44;90Hl[5;16H[44;90H [5;17H[44;103H7[5;17H[?25h[?25l[44;90Hl[5;17H[44;90H [5;18H[44;103H8[5;18H[?25h[?25l[44;90Hl[5;18H[44;90H [5;19H[44;103H9[5;19H[?25h[?25l[44;90Hl[5;19H[44;90H [5;20H[44;102H20[5;20H[?25h[?25l[44;90Hl[5;20H[44;90H [5;21H[44;103H1[5;21H[?25h[?25l[44;90Hl[5;21H[44;90H [5;22H[44;103H2[5;22H[?25h[?25l[44;90Hl[5;22H[44;90H [5;23H[46m([15C)[m[44;103H3[5;23H[?25h[?25l[44;90Hl[5;23H[44;90H [5;24H([15C)[44;103H4[5;24H[?25h[?25l[44;90Hl[5;24H[44;90H [5;25H[44;103H5[5;25H[?25h[?25l[44;90Hl[5;25H[44;90H [5;26H[44;103H6[5;26H[?25h[?25l[44;90Hl[5;26H[44;90H [5;27H[44;103H7[5;27H[?25h[?25l[44;90Hl[5;27H[44;90H [5;28H[44;103H8[5;28H[?25h[?25l[44;90Hl[5;28H[44;90H [5;29H[44;103H9[5;29H[?25h[?25l[44;90Hl[5;29H[44;90H [5;30H[44;102H30[5;30H[?25h[?25l[44;90Hl[5;30H[44;90H [5;31H[44;103H1[5;31H[?25h[?25l[44;90Hl[5;31H[44;90H [5;32H[44;103H2[5;32H[?25h[?25l[44;90Hx[5;32H[44;90H [5;32H[44;90Hdl[5;32H[44;90H  [5;32H[1m[35morld!"[m);[5;40H[K[5;32H[?25h[?25l[44;90Hx[5;32H[44;90H [5;32H[44;90Hdl[5;32H[44;90H  [5;32H[1m[35mrld!"[m);[5;39H[K[5;32H[?25h[?25l[44;90Hx[5;32H[44;90H [5;32H[44;90Hdl[5;32H[44;90H  [5;32H[1m[35mld!"[m);[5;38H[K[5;32H[?25h[?25l[44;90Hx[5;32H[44;90H [5;32H[44;90Hdl[5;32H[44;90H  [5;32H[1m[35md!"[m);[5;37H[K[5;32H[?25h[?25l[44;90Hx[5;32H[44;90H [5;32H[44;90Hdl[5;32H[44;90H  [5;32H[1m[35m!"[m);[5;36H[K[5;32H[?25h[?25l[44;90Hx[5;32H[44;90H [5;32H[44;90Hdl[5;32H[44;90H  [5;32H[1m[35m"[m);[5;35H[K[5;32H[?25h[?25l[44;90Hl[5;32H[44;90H [5;33H[5;23H[46m([9C)[m[44;103H3[5;33H[?25h[?25l[44;90Hl[5;33H[44;90H [5;34H[5;23H([9C)[44;103H4[5;34H[?25h[?25l[44;90Hl[5;34H[44;90H [5;34H[?25h[?25l[44;90Hl[5;34H[44;90H [5;34H[?25h[?25l[44;90Hj[5;34H[44;90H [6;3H[4;42H[46m{

[m  [46m}[m[44;100H6,3 [6;3H[?25h[?25l[44;90Hk[6;3H[44;90H [5;34H[4;42H{

  }[44;100H5,34[5;34H[?25h[?25l[44;90Hh[5;34H[44;90H [5;33H[5;23H[46m([9C)[m[44;103H3[5;33H[?25h[?25l[44;90Hh[5;33H[44;90H [5;32H[5;23H([9C)[44;103H2[5;32H[?25h[?25l[44;90Hk[5;32H[44;90H [4;32H[44;100H4[4;32H[?25h[?25l[44;90Hj[4;32H[44;90H [5;32H[44;100H5[5;32H[?25h[?25l[44;90Hl[5;32H[44;90H [5;33H[5;23H[46m([9C)[m[44;103H3[5;33H[?25h[?25l[44;90Hi[5;33H[44;90H [5;33H[44;1H[1m-- INSERT --[m[44;13H[K[44;100H5,33[10CAll[5;33H[?25h[?25l[46m [m); [46m)[m[44;103H4[5;34H[?25h[?25l[46m+[m);+[46m)[m[44;103H5[5;35H[?25h[?25l[46m [m); [46m)[m[44;103H6[5;36H[?25h[?25l[46ma[m);a[46m)[m[44;103H7[5;37H[?25h[?25l[46mr[m);r[46m)[m[44;103H8[5;38H[?25h[?25l[46mg[m);g[46m)[m[44;103H9[5;39H[?25h[?25l[46ms[m);s[46m)[m[44;102H40[5;40H[?25h[?25l[46m[[m);[[46m)[m[44;103H1[5;41H[?25h[?25l[1m[35m[46m0[m);[1m[35m0[m[46m)[m[44;103H2[5;42H[?25h[?25l[46m][m);][46m)[m[44;103H3[5;43H[?25h[44;1H[K[5;42H[?25l[44;90H^[[5;42H[44;90H  [5;43H[5;23H([16C[46m[[1C][m)[44;100H5,42[10CAll[5;42H[?25h[?25l[44;90H:[5;42H[44;90H[K[44;1H:[?2004h[?25hw[?25l[?25hq[?25l[?25h[?25l[?2004l"src/main/java/lab1/Hello.java" 7L, 130C written
[?2004l[?1l>[?25h[?1049l[23;0;0trhodesm8@cf405-19:~/csci241/labs/lab1/lab-1-mason-rhodes$ gradle run --args="Mason"

[1A[1m<[0;1m-------------> 0% EXECUTING [54ms][m[35D[1B
[2A[1m<[0;1m-------------> 0% EXECUTING [154ms][m[36D[1B[1m> :compileJava[m[14D[1B[2A[1m<[0;32;1m=========[0;39;1m----> 75% EXECUTING [254ms][m[37D[1B[1m> :run[m[0K[6D[1B[2A[0K
[1m> Task :run[m
Hello, Mason

[32;1mBUILD SUCCESSFUL[0;39m in 636ms
2 actionable tasks: 2 executed
[0K
[0K
[2A[1m<[0;1m-------------> 0% WAITING[m[26D[1B[1m> :run[m[6D[1B[2A[2K[1B[2K[1A[0m[?12l[?25hrhodesm8@cf405-19:~/csci241/labs/lab1/lab-1-mason-rhodes$ git add src/main/java/lab1/Hello.java 
rhodesm8@cf405-19:~/csci241/labs/lab1/lab-1-mason-rhodes$ git commit -m "Hello now prints command line arg"
[master 37ce2ce] Hello now prints command line arg
 Committer: Mason Rhodes <rhodesm8@cf405-19.cs.wwu.edu>
Your name and email address were configured automatically based
on your username and hostname. Please check that they are accurate.
You can suppress this message by setting them explicitly. Run the
following command and follow the instructions in your editor to edit
your configuration file:

    git config --global --edit

After doing this, you may fix the identity used for this commit with:

    git commit --amend --reset-author

 1 file changed, 1 insertion(+), 1 deletion(-)
rhodesm8@cf405-19:~/csci241/labs/lab1/lab-1-mason-rhodes$ git push origin master
Username for 'https://github.com': rhodesm8@wwu.edu
Password for 'https://rhodesm8@wwu.edu@github.com': 
Counting objects: 10, done.
Delta compression using up to 8 threads.
Compressing objects:  16% (1/6)   Compressing objects:  33% (2/6)   Compressing objects:  50% (3/6)   Compressing objects:  66% (4/6)   Compressing objects:  83% (5/6)   Compressing objects: 100% (6/6)   Compressing objects: 100% (6/6), done.
Writing objects:  10% (1/10)   Writing objects:  20% (2/10)   Writing objects:  30% (3/10)   Writing objects:  40% (4/10)   Writing objects:  50% (5/10)   Writing objects:  60% (6/10)   Writing objects:  70% (7/10)   Writing objects:  80% (8/10)   Writing objects:  90% (9/10)   Writing objects: 100% (10/10)   Writing objects: 100% (10/10), 843 bytes | 843.00 KiB/s, done.
Total 10 (delta 3), reused 0 (delta 0)
remote: Resolving deltas:   0% (0/3)[Kremote: Resolving deltas:  66% (2/3)[Kremote: Resolving deltas: 100% (3/3)[Kremote: Resolving deltas: 100% (3/3), completed with 2 local objects.[K
To https://github.com/csci241-20s/lab-1-mason-rhodes.git
   80a6b2b..37ce2ce  master -> master
rhodesm8@cf405-19:~/csci241/labs/lab1/lab-1-mason-rhodes$ exit
exit

Script done on 2020-04-09 11:28:58-0700
